// Jest Snapshot v1, https://goo.gl/fbAQLP

exports[`renders correctly 1`] = `
<div
  className="App"
>
  <header>
    <div
      className="logo"
    >
      <img
        alt="logo"
        className="space-logo"
        src="planet.png"
      />
      <span
        className="title-logo"
      >
        Space Travelers'  Hub
      </span>
    </div>
    <nav>
      <ul>
        <a
          aria-current="page"
          className="active"
          href="/"
          onClick={[Function]}
          style={
            Object {
              "fontWeight": "bold",
              "textDecoration": "underline",
            }
          }
        >
          <span
            className="rockets"
          >
            Rockets
          </span>
        </a>
        <a
          className=""
          href="/missions"
          onClick={[Function]}
          style={
            Object {
              "fontWeight": "normal",
              "textDecoration": "none",
            }
          }
        >
          <span
            className="missions"
          >
            Missions
          </span>
        </a>
        <a
          className=""
          href="/myprofile"
          onClick={[Function]}
          style={
            Object {
              "fontWeight": "normal",
              "textDecoration": "none",
            }
          }
        >
          <span
            className="myprofile"
          >
            My Profile
          </span>
        </a>
      </ul>
    </nav>
  </header>
  <section
    className="footer"
  >
    Copyright ©️ 2022
    <a
      href="https://github.com/benardop"
    >
      benardop
    </a>
    <a
      href="https://github.com/mirwaisfarahi"
    >
      mirwaisfarahi
    </a>
    <img
      alt="github-logo"
      className="footerImg"
      src="github.svg"
    />
  </section>
</div>
`;
